// Vitest Snapshot v1, https://vitest.dev/guide/snapshot.html

exports[`Navbar > Snapshots > matches component snapshot 1`] = `
<div>
  <div
    data-testid="navbar"
  >
    <div
      class="navbar bg-base-100"
    >
      <div
        class="flex-1"
      >
        <a
          class="btn btn-ghost text-xl hover:bg-transparent"
          href="/"
        >
          Lost Pet Registry
        </a>
      </div>
      <div
        class="hidden md:flex flex-none"
      >
        <ul
          aria-label="desktop navigation"
          class="menu menu-horizontal px-1"
          data-testid="desktop-nav"
        >
          <li>
            <a
              data-testid="nav-link"
              href="/reports/new"
            >
              Report a Lost Pet
            </a>
          </li>
          <li>
            <a
              data-testid="nav-link"
              href="/reports"
            >
              Search
            </a>
          </li>
          <li>
            <a
              data-testid="nav-link"
              href="#"
            >
              About
            </a>
          </li>
          <li>
            <a
              data-testid="nav-link"
              href="#"
            >
              Contact
            </a>
          </li>
        </ul>
      </div>
      <div
        data-testid="profile-dropdown"
      >
        Profile Dropdown
      </div>
    </div>
    <div
      class="md:hidden w-full px-4 mt-2 mb-5 text-center"
    >
      <ul
        aria-label="mobile navigation"
        class="flex justify-center space-x-6"
        data-testid="mobile-nav"
      >
        <li>
          <a
            data-testid="nav-link"
            href="/reports/new"
          >
            Report a Lost Pet
          </a>
        </li>
        <li>
          <a
            data-testid="nav-link"
            href="/reports"
          >
            Search
          </a>
        </li>
        <li>
          <a
            data-testid="nav-link"
            href="#"
          >
            About
          </a>
        </li>
        <li>
          <a
            data-testid="nav-link"
            href="#"
          >
            Contact
          </a>
        </li>
      </ul>
    </div>
  </div>
</div>
`;
