// Vitest Snapshot v1, https://vitest.dev/guide/snapshot.html

exports[`ReportsGrid > renders correctly 1`] = `
<div>
  <div
    class="grid grid-cols-1 lg:grid-cols-2 3xl:grid-cols-3 gap-4"
  >
    <div
      data-page="1"
      data-query="test-query"
      data-testid="mock-report-card"
    >
      <h2>
        Report 1
      </h2>
      <p>
        Description 1
      </p>
    </div>
    <div
      data-page="1"
      data-query="test-query"
      data-testid="mock-report-card"
    >
      <h2>
        Report 2
      </h2>
      <p>
        Description 2
      </p>
    </div>
  </div>
</div>
`;
